
R Under development (unstable) (2018-10-04 r75396) -- "Unsuffered Consequences"
Copyright (C) 2018 The R Foundation for Statistical Computing
Platform: x86_64-pc-linux-gnu (64-bit)

R is free software and comes with ABSOLUTELY NO WARRANTY.
You are welcome to redistribute it under certain conditions.
Type 'license()' or 'licence()' for distribution details.

  Natural language support but running in an English locale

R is a collaborative project with many contributors.
Type 'contributors()' for more information and
'citation()' on how to cite R or R packages in publications.

Type 'demo()' for some demos, 'help()' for on-line help, or
'help.start()' for an HTML browser interface to help.
Type 'q()' to quit R.

> pkgname <- "exomePeak"
> source(file.path(R.home("share"), "R", "examples-header.R"))
> options(warn = 1)
> library('exomePeak')
Loading required package: Rsamtools
Loading required package: GenomeInfoDb
Loading required package: BiocGenerics
Loading required package: parallel

Attaching package: ‘BiocGenerics’

The following objects are masked from ‘package:parallel’:

    clusterApply, clusterApplyLB, clusterCall, clusterEvalQ,
    clusterExport, clusterMap, parApply, parCapply, parLapply,
    parLapplyLB, parRapply, parSapply, parSapplyLB

The following objects are masked from ‘package:stats’:

    IQR, mad, sd, var, xtabs

The following objects are masked from ‘package:base’:

    Filter, Find, Map, Position, Reduce, anyDuplicated, append,
    as.data.frame, basename, cbind, colMeans, colSums, colnames,
    dirname, do.call, duplicated, eval, evalq, get, grep, grepl,
    intersect, is.unsorted, lapply, mapply, match, mget, order, paste,
    pmax, pmax.int, pmin, pmin.int, rank, rbind, rowMeans, rowSums,
    rownames, sapply, setdiff, sort, table, tapply, union, unique,
    unsplit, which, which.max, which.min

Loading required package: S4Vectors
Loading required package: stats4

Attaching package: ‘S4Vectors’

The following object is masked from ‘package:base’:

    expand.grid

Loading required package: IRanges
Loading required package: GenomicRanges
Loading required package: Biostrings
Loading required package: XVector

Attaching package: ‘Biostrings’

The following object is masked from ‘package:base’:

    strsplit

Loading required package: GenomicFeatures
Loading required package: AnnotationDbi
Loading required package: Biobase
Welcome to Bioconductor

    Vignettes contain introductory material; view with
    'browseVignettes()'. To cite Bioconductor, see
    'citation("Biobase")', and for packages 'citation("pkgname")'.

Loading required package: rtracklayer
Loading required package: GenomicAlignments
Loading required package: SummarizedExperiment
Loading required package: DelayedArray
Loading required package: matrixStats

Attaching package: ‘matrixStats’

The following objects are masked from ‘package:Biobase’:

    anyMissing, rowMedians

Loading required package: BiocParallel

Attaching package: ‘DelayedArray’

The following objects are masked from ‘package:matrixStats’:

    colMaxs, colMins, colRanges, rowMaxs, rowMins, rowRanges

The following object is masked from ‘package:Biostrings’:

    type

The following objects are masked from ‘package:base’:

    aperm, apply

> 
> base::assign(".oldSearch", base::search(), pos = 'CheckExEnv')
> base::assign(".old_wd", base::getwd(), pos = 'CheckExEnv')
> cleanEx()
> nameEx("RMT")
> ### * RMT
> 
> flush(stderr()); flush(stdout())
> 
> ### Name: RMT
> ### Title: Extract a combinatorial RNA methylome from multiple biological
> ###   conditions or replicates.
> ### Aliases: RMT
> ### Keywords: MeRIP-Seq
> 
> ### ** Examples
> 
> # the RESPECT R-package has two main functions:
> # 1. exome-based peak
> # 2. compute reads counts, rpkm and fold change
> # please feel free to contact liulian19860905@163.com for any questions
> 
> # load library and specify the parameters
> gene_anno_gtf <- system.file("extdata", "example.gtf", package="exomePeak")
> f1 <- system.file("extdata", "IP1.bam", package="exomePeak")
> f2 <- system.file("extdata", "IP2.bam", package="exomePeak")
> f3 <- system.file("extdata", "IP3.bam", package="exomePeak")
> f4 <- system.file("extdata", "IP4.bam", package="exomePeak")
> ip_bam <- c(f1,f2,f3,f4)
> f1 <- system.file("extdata", "Input1.bam", package="exomePeak")
> f2 <- system.file("extdata", "Input2.bam", package="exomePeak")
> f3 <- system.file("extdata", "Input3.bam", package="exomePeak")
> input_bam <- c(f1,f2,f3)
> input2bam <- list(4)
> input2bam[[1]] <- c(1,2) # the 1st ip sample uses the 1st & 2nd input samples as control
> input2bam[[2]] <- c(1,2) # the 2nd ip sample uses the 1st & 2nd input samples as control
> input2bam[[3]] <- c(1,2) # the 3rd ip sample uses the 1st & 2nd input samples as control
> input2bam[[4]] <- c(3)   # the 4th ip sample uses the 3rd input sample as control
> 
> # Extract the combinatorial RNA methylome
> # unfortunately, this function has not been optimized for parallel processing.
> # This part will take a really long time on real data
> RMT(INPUT_BAM=input_bam, IP_BAM=ip_bam, INPUT2IP=input2bam, GENE_ANNO_GTF=gene_anno_gtf)
[1] "Processing IP sample 1"
Import genomic features from the file as a GRanges object ... OK
Prepare the 'metadata' data frame ... OK
Make the TxDb object ... OK
'select()' returned 1:many mapping between keys and columns
[1] "Divide transcriptome into chr-gene-batch sections ..."
[1] "Get Reads Count ..."
[1] "This step may take a few hours ..."
[1] "100 %"
[1] "Get all the peaks ..."
[1] "Get the consistent peaks ..."
[1] "---------------------------------"
[1] "The bam files used:"
[1] "1 IP replicate(s)"
[1] "2 Input replicate(s)"
[1] "---------------------------------"
[1] "Peak calling result: "
[1] "15 peaks detected on merged data."
[1] "Please check 'peak.bed/xls' under /var/scratch2/tomas/test/mine/R-svn-dev-75396/check/exomePeak.Rcheck/RMT_Result/temp/IP_rep_1"
[1] "15 consistent peaks detected on every replicates. (Recommended list)"
[1] "Please check 'con_peak.bed/xls' under /var/scratch2/tomas/test/mine/R-svn-dev-75396/check/exomePeak.Rcheck/RMT_Result/temp/IP_rep_1"
[1] "Processing IP sample 2"
Import genomic features from the file as a GRanges object ... OK
Prepare the 'metadata' data frame ... OK
Make the TxDb object ... OK
'select()' returned 1:many mapping between keys and columns
[1] "Divide transcriptome into chr-gene-batch sections ..."
[1] "Get Reads Count ..."
[1] "This step may take a few hours ..."
[1] "100 %"
[1] "Get all the peaks ..."
[1] "Get the consistent peaks ..."
[1] "---------------------------------"
[1] "The bam files used:"
[1] "1 IP replicate(s)"
[1] "2 Input replicate(s)"
[1] "---------------------------------"
[1] "Peak calling result: "
[1] "19 peaks detected on merged data."
[1] "Please check 'peak.bed/xls' under /var/scratch2/tomas/test/mine/R-svn-dev-75396/check/exomePeak.Rcheck/RMT_Result/temp/IP_rep_2"
[1] "19 consistent peaks detected on every replicates. (Recommended list)"
[1] "Please check 'con_peak.bed/xls' under /var/scratch2/tomas/test/mine/R-svn-dev-75396/check/exomePeak.Rcheck/RMT_Result/temp/IP_rep_2"
[1] "Processing IP sample 3"
Import genomic features from the file as a GRanges object ... OK
Prepare the 'metadata' data frame ... OK
Make the TxDb object ... OK
'select()' returned 1:many mapping between keys and columns
[1] "Divide transcriptome into chr-gene-batch sections ..."
[1] "Get Reads Count ..."
[1] "This step may take a few hours ..."
[1] "100 %"
[1] "Get all the peaks ..."
[1] "Get the consistent peaks ..."
[1] "---------------------------------"
[1] "The bam files used:"
[1] "1 IP replicate(s)"
[1] "2 Input replicate(s)"
[1] "---------------------------------"
[1] "Peak calling result: "
[1] "14 peaks detected on merged data."
[1] "Please check 'peak.bed/xls' under /var/scratch2/tomas/test/mine/R-svn-dev-75396/check/exomePeak.Rcheck/RMT_Result/temp/IP_rep_3"
[1] "14 consistent peaks detected on every replicates. (Recommended list)"
[1] "Please check 'con_peak.bed/xls' under /var/scratch2/tomas/test/mine/R-svn-dev-75396/check/exomePeak.Rcheck/RMT_Result/temp/IP_rep_3"
[1] "Processing IP sample 4"
Import genomic features from the file as a GRanges object ... OK
Prepare the 'metadata' data frame ... OK
Make the TxDb object ... OK
'select()' returned 1:many mapping between keys and columns
[1] "Divide transcriptome into chr-gene-batch sections ..."
[1] "Get Reads Count ..."
[1] "This step may take a few hours ..."
[1] "100 %"
[1] "Get all the peaks ..."
[1] "Get the consistent peaks ..."
[1] "---------------------------------"
[1] "The bam files used:"
[1] "1 IP replicate(s)"
[1] "1 Input replicate(s)"
[1] "---------------------------------"
[1] "Peak calling result: "
[1] "5 peaks detected on merged data."
[1] "Please check 'peak.bed/xls' under /var/scratch2/tomas/test/mine/R-svn-dev-75396/check/exomePeak.Rcheck/RMT_Result/temp/IP_rep_4"
[1] "5 consistent peaks detected on every replicates. (Recommended list)"
[1] "Please check 'con_peak.bed/xls' under /var/scratch2/tomas/test/mine/R-svn-dev-75396/check/exomePeak.Rcheck/RMT_Result/temp/IP_rep_4"
 ----------- FAILURE REPORT -------------- 
 --- srcref --- 
 at /var/scratch2/tomas/tmp/Rtmpx4HivE/R.INSTALLbb337bc497fd/exomePeak/R/RMT.R#119: 
 --- package (from environment) --- 
exomePeak
 --- call from context --- 
RMT(INPUT_BAM = input_bam, IP_BAM = ip_bam, INPUT2IP = input2bam, 
    GENE_ANNO_GTF = gene_anno_gtf)
 --- call from argument --- 
if (x < y) {
    num[matrix_overlap[i, 1][1][[1]]] <- matrix_overlap[i, 1][1][[1]]
} else if (x > y) {
    num[matrix_overlap[i, 2][1][[1]]] <- matrix_overlap[i, 2][1][[1]]
} else {
    num[matrix_overlap[i, 1][1][[1]]] <- matrix_overlap[i, 1][1][[1]]
    num[matrix_overlap[i, 2][1][[1]]] <- matrix_overlap[i, 2][1][[1]]
}
 --- R stacktrace ---
where 1: RMT(INPUT_BAM = input_bam, IP_BAM = ip_bam, INPUT2IP = input2bam, 
    GENE_ANNO_GTF = gene_anno_gtf)

 --- value of length: 4 type: logical ---
[1] FALSE  TRUE FALSE  TRUE
 --- function from context --- 
function(
  INPUT_BAM,
  IP_BAM,
  INPUT2IP = NA, 
  GENE_ANNO_GTF = NA, 
  GENOME = NA, 
  UCSC_TABLE_NAME = "knownGene",
  TXDB = NA,
  EXOME_OUTPUT_DIR = NA,
  RMT_OUTPUT_DIR = NA,
  RMT_EXPERIMENT_NAME = "RMT_Result") {
  # Wrap parameters ##################################################
  PARAMETERS = list();
  PARAMETERS$INPUT_BAM = INPUT_BAM
  PARAMETERS$IP_BAM = IP_BAM
  PARAMETERS$INPUT2IP = INPUT2IP
  PARAMETERS$EXOME_OUTPUT_DIR = EXOME_OUTPUT_DIR
  PARAMETERS$GO_OUTPUT_DIR = RMT_OUTPUT_DIR
  PARAMETERS$GO_EXPERIMENT_NAME = RMT_EXPERIMENT_NAME
  PARAMETERS$GENE_ANNO_GTF=GENE_ANNO_GTF
  PARAMETERS$GENOME = GENOME
  PARAMETERS$UCSC_TABLE_NAME=UCSC_TABLE_NAME
  PARAMETERS$TXDB = TXDB
  
  
  # dependent variables
  if (is.na(PARAMETERS$EXOME_OUTPUT_DIR)) {
    PARAMETERS$EXOME_OUTPUT_DIR <- getwd()
  }
  if (is.na(PARAMETERS$GO_OUTPUT_DIR)) {
    PARAMETERS$GO_OUTPUT_DIR <- getwd()
  }
  
  # algrithm ##################################################
  #peak calling
  input_length <- length(PARAMETERS$INPUT_BAM)
  ip_length <- length(PARAMETERS$IP_BAM)
  all_filepath <- vector()
  
  # decide whether paired
  temp1 <- is.na(PARAMETERS$INPUT2IP)
  flag <- temp1[1]
  
  
  if(flag){
    for(i in 1:ip_length){
      experiment_name = paste(PARAMETERS$GO_EXPERIMENT_NAME,"/temp/IP_rep_",i,sep="")
      all_filepath[i] = PARAMETERS$IP_BAM[i]
      print(paste("Processing IP sample",i))
      temp <- exomepeak(GENE_ANNO_GTF = GENE_ANNO_GTF, 
                        GENOME = GENOME, UCSC_TABLE_NAME = UCSC_TABLE_NAME,
                        TXDB = TXDB, IP_BAM = c(PARAMETERS$IP_BAM[i]), 
                        INPUT_BAM = c(PARAMETERS$INPUT_BAM[i]), 
                        OUTPUT_DIR = PARAMETERS$EXOME_OUTPUT_DIR, 
                        POISSON_MEAN_RATIO = 1,
                        EXPERIMENT_NAME = experiment_name)
    }
  } else {
    for(i in 1:ip_length){
      experiment_name = paste(PARAMETERS$GO_EXPERIMENT_NAME,"/temp/IP_rep_",i,sep="")
      input_bam = PARAMETERS$INPUT_BAM[PARAMETERS$INPUT2IP[[i]][1]]
      if(length(PARAMETERS$INPUT2IP[[i]])>1){
        for(j in 2:length(PARAMETERS$INPUT2IP[[i]])){
          input_bam=c(input_bam,c(PARAMETERS$INPUT_BAM[PARAMETERS$INPUT2IP[[i]][j]]))
        }
      }      
      all_filepath[i] <- paste(PARAMETERS$EXOME_OUTPUT_DIR,experiment_name,sep = '/')
      print(paste("Processing IP sample",i))
      temp <- exomepeak(GENE_ANNO_GTF = GENE_ANNO_GTF, 
                        GENOME = GENOME, UCSC_TABLE_NAME = UCSC_TABLE_NAME,
                        TXDB = TXDB, IP_BAM = c(PARAMETERS$IP_BAM[i]), 
                        INPUT_BAM = input_bam, 
                        OUTPUT_DIR = PARAMETERS$EXOME_OUTPUT_DIR, 
                        POISSON_MEAN_RATIO = 1, 
                        EXPERIMENT_NAME = experiment_name)   
    }
  }
  
  #merge all peak
  for(i in 1:length(all_filepath)){
    path <- paste(all_filepath[i],"peak.xls",sep = '/')
    bam_file <- read.table(path,sep = "\t",header = FALSE)
    if(i == 1){
      all_peak <- bam_file
    } else {
      all_peak = rbind(all_peak,bam_file[2:nrow(bam_file), ])
    } 
  }
  dir.create(paste(PARAMETERS$GO_OUTPUT_DIR,
                   PARAMETERS$GO_EXPERIMENT_NAME,sep = '/'),
             recursive = TRUE,showWarnings = FALSE)
  dir = paste(PARAMETERS$GO_OUTPUT_DIR,
              PARAMETERS$GO_EXPERIMENT_NAME,sep = '/')
  write.table(all_peak,paste(dir,"all_peak.xls",sep = '/'),
              sep = "\t",quote = FALSE,col.names = FALSE,
              row.names = FALSE)
  
  #read all peaks and transform GRangesList
  filepath = paste(dir,"all_peak.xls",sep = '/')
  matrix_peak_read = read.table(filepath,header = TRUE,stringsAsFactors = FALSE)
  
  ori_peak <- .xls2Grangeslist(filepath)
  
  #remove overlaps
  overlaps <- findOverlaps(ori_peak,ori_peak)
  matrix_overlap <- matrix(0,length(overlaps),2)
  matrix_overlap[,1] <- queryHits(overlaps)
  matrix_overlap[,2] <- subjectHits(overlaps)
  
  num <- c(rep(0,length(ori_peak)))
  
  for(i in 1:nrow(matrix_overlap)){
    if(matrix_overlap[i, 1][1][[1]] != matrix_overlap[i, 2][1][[1]]){
      x <- ranges(ori_peak[matrix_overlap[i, 1]])[[1]]@width
      y <- ranges(ori_peak[matrix_overlap[i, 2]])[[1]]@width
      #num[i]=if(x<y) matrix_overlap[i,1][1][[1]] else matrix_overlap[i,2][1][[1]]
      if(x < y){
        num[matrix_overlap[i, 1][1][[1]]] <- matrix_overlap[i, 1][1][[1]] 
      } else if(x > y){
        num[matrix_overlap[i, 2][1][[1]]] <- matrix_overlap[i, 2][1][[1]]
      } else {
        num[matrix_overlap[i, 1][1][[1]]] <- matrix_overlap[i, 1][1][[1]]
        num[matrix_overlap[i, 2][1][[1]]] <- matrix_overlap[i, 2][1][[1]]
      }
    }
  }
  peak <- ori_peak[num == 0]
  tab <- which(num == 0)
  write.table(matrix_peak_read[tab, ],paste(dir,"merged_peak.xls",sep = '/'),sep = "\t",quote = FALSE,col.names = TRUE,row.names = FALSE)
  write.table(matrix_peak_read[tab,1:12 ],paste(dir,"merged_peak.bed",sep = '/'),sep = "\t",quote = FALSE,col.names = FALSE,row.names = FALSE)
  
  
  # read gene annotation from internet
  txdb <- .readTxDb2(PARAMETERS)
  exonRanges <- exonsBy(txdb, "gene")
  
  #rpkm in all inputbams and ipbams
  rpkm_input <- matrix(0,length(peak),length(PARAMETERS$INPUT_BAM))
  rpkm_ip <- matrix(0,length(peak),length(PARAMETERS$IP_BAM))
  count_input <- matrix(0,length(peak),length(PARAMETERS$INPUT_BAM))
  count_ip <- matrix(0,length(peak),length(PARAMETERS$IP_BAM))
  #rpkm in inutbams
  for(i in 1:length(PARAMETERS$INPUT_BAM)){
    filepath <- PARAMETERS$INPUT_BAM[i]
    aligns <- readGAlignments(filepath)
    para <- ScanBamParam(what="mapq")
    mapq <- scanBam(filepath, param=para)[[1]][[1]]
    # filter reads with mapq smaller than 30. 
    mapq[is.na(mapq)] <- 255  # Note: mapq "NA" means mapq = 255
    ID_keep <- (mapq >30)
    filtered <- aligns[ID_keep]
    id <- countOverlaps(filtered,exonRanges)
    transcriptome_filtered_aligns <- filtered[id>0]
    counts <- countOverlaps(peak, transcriptome_filtered_aligns)
    count_input[,i] <- counts
    numBases <- sum(width(peak))
    geneLengthsInKB <- numBases / 1000
    millionsMapped <- length(transcriptome_filtered_aligns) / 1000000
    rpm <- counts / millionsMapped
    rpkm_input[,i] <- rpm / geneLengthsInKB
    
  }
  write.table(count_input,paste(dir,"count_input.xls",sep = '/'),sep = "\t",quote = FALSE,col.names = TRUE,row.names = FALSE)
  write.table(rpkm_input,paste(dir,"rpkm_input.xls",sep = '/'),sep = "\t",quote = FALSE,col.names = TRUE,row.names = FALSE)
  #rpkm in ipbams
  for(i in 1:length(PARAMETERS$IP_BAM)){
    filepath <- PARAMETERS$IP_BAM[i]
    aligns <- readGAlignments(filepath)
    para <- ScanBamParam(what="mapq")
    mapq <- scanBam(filepath, param=para)[[1]][[1]]
    # filter reads with mapq smaller than 30. 
    mapq[is.na(mapq)] <- 255  # Note: mapq "NA" means mapq = 255
    ID_keep <- (mapq >30)
    filtered <- aligns[ID_keep]
    id <- countOverlaps(filtered,exonRanges)
    transcriptome_filtered_aligns <- filtered[id>0]
    counts <- countOverlaps(peak, transcriptome_filtered_aligns)
    count_ip[,i] <- counts
    numBases <- sum(width(peak))
    geneLengthsInKB <- numBases / 1000
    millionsMapped <- length(transcriptome_filtered_aligns) / 1000000
    rpm <- counts / millionsMapped
    rpkm_ip[,i] <- rpm / geneLengthsInKB 
  }
  write.table(count_ip,paste(dir,"count_ip.xls",sep = '/'),sep = "\t",quote = FALSE,col.names = TRUE,row.names = FALSE)
  write.table(rpkm_ip,paste(dir,"rpkm_ip.xls",sep = '/'),sep = "\t",quote = FALSE,col.names = TRUE,row.names = FALSE)
  
  #return to all conditions
  matrix_log2_fc = matrix(0,length(peak),ip_length)
  if(is.na(PARAMETERS$INPUT2IP)){
    for(i in 1:ip_length){
      matrix_log2_fc[,i] <- log2(rpkm_ip[,i]+0.01)-log2(rpkm_input[,i]+0.01)
    }
  } else {
    for(i in 1:ip_length){
      if(length(PARAMETERS$INPUT2IP[[i]])==1){
        matrix_log2_fc[,i] <- log2(rpkm_ip[,i]+0.01)-log2(rpkm_input[,PARAMETERS$INPUT2IP[[i]]]+0.01)
      } else {
        sum = matrix(0,length(peak),1)
        for(j in 1:length(PARAMETERS$INPUT2IP[i])){
          sum = sum + rpkm_input[,PARAMETERS$INPUT2IP[[i]][j]]
        }
        matrix_log2_fc[,i] <- log2(rpkm_ip[,i]+0.01)-log2(sum + 0.01)
      }
    }
  }
  
  #feature selection
  v <- matrix_log2_fc[,1]
  for(i in 1:nrow(matrix_log2_fc)) {v[i] <- var(matrix_log2_fc[i,])}
  # hist(v)
  matrix_log2_fc <- cbind(tab,matrix_log2_fc[1:nrow(matrix_log2_fc),],matrix_peak_read[tab,])
  write.table(matrix_log2_fc,paste(dir,"all_information.xls",sep = '/'),sep = "\t",quote = FALSE,col.names = TRUE,row.names = FALSE)
  
  # delete un-necessary files
  file.remove(paste(dir,"all_peak.xls",sep = '/'))
  file.remove(paste(dir,"all_information.xls",sep = '/')) 

  # notification
  print("***************************")
  print("***************************")
  print(paste("The combinatorial RNA methylome is generated under:",dir))
  print("Including:")
  print("1. Merged Peaks")
  print("2. Merged Peaks in BED format")
  print("3. Reads count for every peak in every bam file")
  print("4. RPKM for every peak in every bam file")
  }
<bytecode: 0x2c7381c0>
<environment: namespace:exomePeak>
 --- function search by body ---
Function RMT in namespace exomePeak has this body.
 ----------- END OF FAILURE REPORT -------------- 
Fatal error: the condition has length > 1
